INFO:root:None
